02:50:39 **** Incremental Build of configuration Debug for project oledControl ****
make -j8 all 
arm-none-eabi-gcc "../Core/Src/main.c" -mcpu=cortex-m0 -std=gnu11 -g3 -DDEBUG -DUSE_HAL_DRIVER -DSTM32F051x8 -c -I../Core/Inc -I"C:/Users/User/Downloads/12_i2c_oled_display/oledControl/Drivers/OLED" -I../Drivers/STM32F0xx_HAL_Driver/Inc -I../Drivers/STM32F0xx_HAL_Driver/Inc/Legacy -I../Drivers/CMSIS/Device/ST/STM32F0xx/Include -I../Drivers/CMSIS/Include -O0 -ffunction-sections -fdata-sections -Wall -fstack-usage -fcyclomatic-complexity -MMD -MP -MF"Core/Src/main.d" -MT"Core/Src/main.o" --specs=nano.specs -mfloat-abi=soft -mthumb -o "Core/Src/main.o"
arm-none-eabi-gcc -o "oledControl.elf" @"objects.list"   -mcpu=cortex-m0 -T"C:\Users\User\Downloads\12_i2c_oled_display\oledControl\STM32F051R8TX_FLASH.ld" --specs=nosys.specs -Wl,-Map="oledControl.map" -Wl,--gc-sections -static --specs=nano.specs -mfloat-abi=soft -mthumb -Wl,--start-group -lc -lm -Wl,--end-group
Finished building target: oledControl.elf
 
arm-none-eabi-size  oledControl.elf 
arm-none-eabi-objdump -h -S oledControl.elf  > "oledControl.list"
   text	   data	    bss	    dec	    hex	filename
  11188	     12	   2308	  13508	   34c4	oledControl.elf
Finished building: default.size.stdout
 
Finished building: oledControl.list
 

02:50:41 Build Finished. 0 errors, 0 warnings. (took 1s.682ms)

